// Jest Snapshot v1, https://goo.gl/fbAQLP

exports[`<AboutScreen/> should render correctly using Full DOM 1`] = `
<Container
  className="my-5"
  fluid={false}
>
  <h3>
    About: This application is used to track status of raised issues
  </h3>
  <Image
    className="my-3 mx-auto aboutImage"
    fluid={false}
    rounded={false}
    roundedCircle={false}
    src="https://fiverr-res.cloudinary.com/images/t_main1,q_auto,f_auto,q_auto,f_auto/gigs/101240985/original/0e4c8581b29c00ab6ae3711ac0726a5f7345e055/find-defects-on-your-website.jpg"
    thumbnail={false}
  />
</Container>
`;
